// Jest Snapshot v1, https://goo.gl/fbAQLP

exports[`header renders correctly 1`] = `
<div
  className="headerLogo"
>
  <img
    alt="pokemon"
    className="mainLogo"
    src="mainLogo.png"
  />
</div>
`;
