// Jest Snapshot v1, https://goo.gl/fbAQLP

exports[`header renders correctly 1`] = `
<li
  className="pokemonContainer"
>
  <div
    id="pokeImage"
  >
    <img
      alt="venusaur-mega"
      className="pokeImages"
      src="http://assets.pokemon.com/assets/cms2/img/pokedex/full/003_f2.png"
    />
  </div>
  <div
    className="labelBox"
  >
    <h3>
      VENUSAUR-MEGA
    </h3>
    <a
      href="http://www.pokemon.com/us/pokedex/venusaur"
    >
      ?
    </a>
  </div>
</li>
`;
